\BOOKMARK [1][-]{section*.2}{\376\377\000S\000w\000a\000p\000p\000i\000n\000g}{}% 1
\BOOKMARK [2][-]{section*.3}{\376\377\006\105\006\102\006\057\006\105\006\107}{section*.2}% 2
\BOOKMARK [2][-]{section*.4}{\376\377\006\106\006\105\006\047\006\314\000\040\006\251\006\104\006\314\000\040\006\067\006\061\006\047\006\055\006\314}{section*.2}% 3
\BOOKMARK [2][-]{section*.5}{\376\377\006\047\006\314\006\054\006\047\006\057\000\040\006\101\006\061\006\042\006\314\006\106\006\057\000\040\006\251\006\061\006\106\006\104\006\314\000\040\000s\000w\000a\000p\000d}{section*.2}% 4
\BOOKMARK [3][-]{section*.6}{\376\377\006\052\006\110\006\063\006\071\006\107\000\040\006\063\006\047\006\056\006\052\006\047\006\061\000\040\006\176\006\061\006\057\006\047\006\062\006\107}{section*.5}% 5
\BOOKMARK [3][-]{section*.7}{\376\377\006\063\006\047\006\056\006\052\000\040\006\176\006\061\006\057\006\047\006\062\006\107\000\040\006\251\006\061\006\106\006\104\006\314}{section*.5}% 6
\BOOKMARK [3][-]{section*.8}{\376\377\006\061\006\101\006\052\006\047\006\061\000\040\000s\000w\000a\000p\000d}{section*.5}% 7
\BOOKMARK [2][-]{section*.9}{\376\377\006\064\006\061\006\110\006\071\000\040\000S\000w\000a\000p\000-\000o\000u\000t\000:\000\040\006\106\006\102\006\067\006\107\040\014\006\314\000\040\006\110\006\061\006\110\006\057\000\040\006\057\006\061\000\040\000u\000v\000m\000a\000l\000l\000o\000c}{section*.2}% 8
\BOOKMARK [2][-]{section*.10}{\376\377\006\065\006\101\000\040\006\057\006\061\006\056\006\110\006\047\006\063\006\052\040\014\006\107\006\047\006\314\000\040\000S\000w\000a\000p\000\040\006\110\000\040\006\105\006\101\006\107\006\110\006\105\000\040\000c\000h\000a\000n}{section*.2}% 9
\BOOKMARK [2][-]{section*.11}{\376\377\006\047\006\106\006\052\006\056\006\047\006\050\000\040\006\065\006\101\006\055\006\107\040\014\006\314\000\040\006\102\006\061\006\050\006\047\006\106\006\314\000:\000\040\006\052\006\102\006\061\006\314\006\050\000\040\000L\000R\000U\000\040\006\050\006\047\000\040\000P\000T\000E\000\137\000A}{section*.2}% 10
\BOOKMARK [2][-]{section*.12}{\376\377\006\050\006\314\006\052\000\040\000P\000T\000E\000\137\000S\000W\000P\000\040\006\110\000\040\006\057\006\104\006\314\006\104\000\040\006\106\006\314\006\047\006\062\000\040\006\050\006\107\000\040\006\042\006\106}{section*.2}% 11
\BOOKMARK [2][-]{section*.13}{\376\377\006\106\006\110\006\064\006\052\006\106\000\040\006\065\006\101\006\055\006\107\000\040\006\061\006\110\006\314\000\040\006\057\006\314\006\063\006\251\000\040\006\057\006\061\000\040\006\101\006\066\006\047\006\314\000\040\006\251\006\047\006\061\006\050\006\061\000\040\000\050\000s\000w\000a\000p\000p\000e\000r\000\051}{section*.2}% 12
\BOOKMARK [2][-]{section*.14}{\376\377\006\105\006\061\006\047\006\055\006\104\000\040\000S\000w\000a\000p\000-\000o\000u\000t\000\040\006\057\006\061\000\040\000s\000w\000a\000p\000o\000u\000t\000\137\000o\000n\000e\000\137\000p\000a\000g\000e}{section*.2}% 13
\BOOKMARK [2][-]{section*.15}{\376\377\000S\000w\000a\000p\000-\000i\000n\000:\000\040\006\050\006\047\006\062\006\257\006\061\006\057\006\047\006\106\006\314\000\040\006\065\006\101\006\055\006\107\000\040\006\107\006\106\006\257\006\047\006\105\000\040\000P\000a\000g\000e\000\040\000F\000a\000u\000l\000t}{section*.2}% 14
\BOOKMARK [3][-]{section*.16}{\376\377\006\052\006\064\006\056\006\314\006\065\000\040\006\057\006\061\000\040\000u\000s\000e\000r\000t\000r\000a\000p}{section*.15}% 15
\BOOKMARK [3][-]{section*.17}{\376\377\006\105\006\061\006\047\006\055\006\104\000\040\000s\000w\000a\000p\000i\000n\000\137\000p\000a\000g\000e}{section*.15}% 16
\BOOKMARK [2][-]{section*.18}{\376\377\006\052\006\063\006\052\000\040\006\101\006\047\006\062\000\040\006\047\006\110\006\104\000\040\000\050\000s\000w\000a\000p\000t\000e\000s\000t\000\051}{section*.2}% 17
\BOOKMARK [2][-]{section*.19}{\376\377\006\054\006\105\006\071\040\014\006\050\006\106\006\057\006\314}{section*.2}% 18
\BOOKMARK [1][-]{section*.20}{\376\377\000N\000a\000m\000e\000s\000p\000a\000c\000e\006\107\006\047}{}% 19
\BOOKMARK [2][-]{section*.21}{\376\377\000P\000I\000D\000\040\000N\000a\000m\000e\000s\000p\000a\000c\000e}{section*.20}% 20
\BOOKMARK [2][-]{section*.22}{\376\377\000U\000T\000S\000\040\000N\000a\000m\000e\000s\000p\000a\000c\000e}{section*.20}% 21
\BOOKMARK [2][-]{section*.23}{\376\377\000I\000P\000C\000\040\000N\000a\000m\000e\000s\000p\000a\000c\000e}{section*.20}% 22
\BOOKMARK [2][-]{section*.24}{\376\377\000M\000o\000u\000n\000t\000\040\000N\000a\000m\000e\000s\000p\000a\000c\000e}{section*.20}% 23
\BOOKMARK [1][-]{section*.25}{\376\377\000n\000s\000\137\000t\000e\000s\000t\000.\000c}{}% 24
