\BOOKMARK [0][-]{part.1}{\376\377\006\047\006\110\006\104\000\040\006\176\006\314\006\047\006\057\006\107\040\014\006\063\006\047\006\062\006\314\000\040\006\062\006\105\006\047\006\106\040\014\006\050\006\106\006\057\000\040\000C\000F\000S}{}% 1
\BOOKMARK [1][-]{section.1}{\376\377\006\105\006\102\006\057\006\105\006\107\000\040\006\050\006\107\000\040\000C\000F\000S}{part.1}% 2
\BOOKMARK [2][-]{subsection.1.1}{\376\377\006\105\006\101\006\047\006\107\006\314\006\105\000\040\006\251\006\104\006\314\006\057\006\314\000\040\000C\000F\000S}{section.1}% 3
\BOOKMARK [1][-]{section.2}{\376\377\006\047\006\107\006\057\006\047\006\101\000\040\006\176\006\314\006\047\006\057\006\107\040\014\006\063\006\047\006\062\006\314\000\040\000C\000F\000S}{part.1}% 4
\BOOKMARK [1][-]{section.3}{\376\377\006\054\006\062\006\046\006\314\006\047\006\052\000\040\006\176\006\314\006\047\006\057\006\107\040\014\006\063\006\047\006\062\006\314\000\040\000C\000F\000S}{part.1}% 5
\BOOKMARK [2][-]{subsection.3.1}{\376\377\006\052\006\072\006\314\006\314\006\061\006\047\006\052\000\040\006\057\006\061\000\040\006\063\006\047\006\056\006\052\006\047\006\061\000\040\006\176\006\061\006\057\006\047\006\062\006\107\000\040\000\050\000p\000r\000o\000c\000.\000h\000\051}{section.3}% 6
\BOOKMARK [2][-]{subsection.3.2}{\376\377\006\063\006\047\006\056\006\052\006\047\006\061\000\040\000M\000i\000n\000-\000H\000e\000a\000p\000\040\000\050\000m\000i\000n\000h\000e\000a\000p\000.\000h\000\040\006\110\000\040\000m\000i\000n\000h\000e\000a\000p\000.\000c\000\051}{section.3}% 7
\BOOKMARK [2][-]{subsection.3.3}{\376\377\006\105\006\052\006\072\006\314\006\061\006\107\006\047\006\314\000\040\006\063\006\061\006\047\006\063\006\061\006\314\000\040\000C\000F\000S\000\040\000\050\000p\000r\000o\000c\000.\000c\000\051}{section.3}% 8
\BOOKMARK [2][-]{subsection.3.4}{\376\377\006\105\006\102\006\057\006\047\006\061\006\057\006\107\006\314\000\040\006\047\006\110\006\104\006\314\006\107\000\040\000\050\000p\000r\000o\000c\000i\000n\000i\000t\000\051}{section.3}% 9
\BOOKMARK [2][-]{subsection.3.5}{\376\377\006\052\006\056\006\065\006\314\006\065\000\040\006\176\006\061\006\057\006\047\006\062\006\107\000\040\000\050\000a\000l\000l\000o\000c\000p\000r\000o\000c\000\051}{section.3}% 10
\BOOKMARK [2][-]{subsection.3.6}{\376\377\006\062\006\105\006\047\006\106\040\014\006\050\006\106\006\057\000\040\006\054\006\057\006\314\006\057\000\040\000\050\000s\000c\000h\000e\000d\000u\000l\000e\000r\000\051}{section.3}% 11
\BOOKMARK [2][-]{subsection.3.7}{\376\377\006\050\006\107\040\014\006\061\006\110\006\062\006\061\006\063\006\047\006\106\006\314\000\040\000v\000r\000u\000n\000t\000i\000m\000e\000\040\000\050\000y\000i\000e\000l\000d\000\051}{section.3}% 12
\BOOKMARK [2][-]{subsection.3.8}{\376\377\006\047\006\066\006\047\006\101\006\107\000\040\006\251\006\061\006\057\006\106\000\040\006\176\006\061\006\057\006\047\006\062\006\107\000\040\006\050\006\107\000\040\006\065\006\101\000\040\000\050\000f\000o\000r\000k\000\040\006\110\000\040\000w\000a\000k\000e\000u\000p\000\051}{section.3}% 13
\BOOKMARK [1][-]{section.4}{\376\377\006\101\006\061\006\105\006\110\006\104\000\040\006\105\006\055\006\047\006\063\006\050\006\107\000\040\000v\000r\000u\000n\000t\000i\000m\000e}{part.1}% 14
\BOOKMARK [1][-]{section.5}{\376\377\006\106\006\052\006\314\006\054\006\107\040\014\006\257\006\314\006\061\006\314\000\040\000C\000F\000S}{part.1}% 15
\BOOKMARK [0][-]{part.2}{\376\377\006\057\006\110\006\105\000\040\006\176\006\314\006\047\006\057\006\107\040\014\006\063\006\047\006\062\006\314\000\040\000C\000O\000W\000\040\000F\000o\000r\000k}{}% 16
\BOOKMARK [1][-]{section.6}{\376\377\006\105\006\102\006\057\006\105\006\107\000\040\006\050\006\107\000\040\000C\000O\000W}{part.2}% 17
\BOOKMARK [1][-]{section.7}{\376\377\006\047\006\107\006\057\006\047\006\101\000\040\006\176\006\314\006\047\006\057\006\107\040\014\006\063\006\047\006\062\006\314\000\040\000C\000O\000W}{part.2}% 18
\BOOKMARK [1][-]{section.8}{\376\377\006\054\006\062\006\046\006\314\006\047\006\052\000\040\006\176\006\314\006\047\006\057\006\107\040\014\006\063\006\047\006\062\006\314}{part.2}% 19
\BOOKMARK [2][-]{subsection.8.1}{\376\377\006\047\006\066\006\047\006\101\006\107\000\040\006\251\006\061\006\057\006\106\000\040\006\050\006\314\006\052\000\040\000C\000O\000W\000\040\006\050\006\107\000\040\000P\000T\000E}{section.8}% 20
\BOOKMARK [2][-]{subsection.8.2}{\376\377\006\176\006\314\006\047\006\057\006\107\040\014\006\063\006\047\006\062\006\314\000\040\006\064\006\105\006\047\006\061\006\064\000\040\006\047\006\061\006\054\006\047\006\071\000\040\006\057\006\061\000\040\000k\000a\000l\000l\000o\000c\000.\000c}{section.8}% 21
\BOOKMARK [2][-]{subsection.8.3}{\376\377\006\176\006\314\006\047\006\057\006\107\040\014\006\063\006\047\006\062\006\314\000\040\000u\000v\000m\000c\000o\000p\000y\000\137\000c\000o\000w\000\040\006\057\006\061\000\040\000v\000m\000.\000c}{section.8}% 22
\BOOKMARK [2][-]{subsection.8.4}{\376\377\006\105\006\057\006\314\006\061\006\314\006\052\000\040\000P\000a\000g\000e\000\040\000F\000a\000u\000l\000t\000\040\006\057\006\061\000\040\000t\000r\000a\000p\000.\000c}{section.8}% 23
\BOOKMARK [2][-]{subsection.8.5}{\376\377\006\052\006\047\006\050\006\071\000\040\000c\000o\000w\000f\000a\000u\000l\000t}{section.8}% 24
\BOOKMARK [2][-]{subsection.8.6}{\376\377\006\063\006\314\006\063\006\052\006\105\040\014\006\251\006\047\006\104\000\040\000c\000o\000w\000f\000o\000r\000k}{section.8}% 25
\BOOKMARK [2][-]{subsection.8.7}{\376\377\006\063\006\314\006\063\006\052\006\105\040\014\006\251\006\047\006\104\000\040\000p\000h\000y\000s\000a\000d\000d\000r}{section.8}% 26
\BOOKMARK [1][-]{section.9}{\376\377\006\053\006\050\006\052\000\040\006\063\006\314\006\063\006\052\006\105\040\014\006\251\006\047\006\104\040\014\006\107\006\047}{part.2}% 27
\BOOKMARK [1][-]{section.10}{\376\377\006\050\006\061\006\106\006\047\006\105\006\107\000\040\006\052\006\063\006\052}{part.2}% 28
\BOOKMARK [1][-]{section.11}{\376\377\006\106\006\052\006\314\006\054\006\107\040\014\006\257\006\314\006\061\006\314\000\040\000C\000O\000W}{part.2}% 29
